// Jest Snapshot v1, https://goo.gl/fbAQLP

exports[`renders correctly 1`] = `
<View>
  <Text
    style={
      Object {
        "color": "white",
        "fontSize": 26,
      }
    }
  />
</View>
`;
