// Jest Snapshot v1, https://goo.gl/fbAQLP

exports[`renders without crashing 1`] = `
<View
  style={
    Object {
      "alignItems": "center",
      "backgroundColor": "#282923",
      "flex": 1,
      "flexDirection": "column",
      "justifyContent": "space-around",
      "paddingTop": 10,
    }
  }
>
  <View>
    <Text
      accessible={true}
      allowFontScaling={true}
      ellipsizeMode="tail"
      style={
        Object {
          "color": "white",
          "fontSize": 32,
        }
      }
    >
      Enter scheduled time
    </Text>
  </View>
  <View>
    <TextInput
      allowFontScaling={true}
      keyboardType="numeric"
      onChangeText={[Function]}
      onEndEditing={[Function]}
      placeholder="Hours"
      returnKeyType="next"
      style={
        Object {
          "borderColor": "gray",
          "borderWidth": 1,
          "color": "white",
          "fontSize": 26,
          "height": 62,
          "paddingLeft": 10,
          "width": 160,
        }
      }
      value=""
    />
  </View>
  <View>
    <TextInput
      allowFontScaling={true}
      keyboardType="numeric"
      onChangeText={[Function]}
      onEndEditing={[Function]}
      placeholder="Minutes"
      returnKeyType="next"
      style={
        Object {
          "borderColor": "gray",
          "borderWidth": 1,
          "color": "white",
          "fontSize": 26,
          "height": 62,
          "paddingLeft": 10,
          "width": 160,
        }
      }
      value=""
    />
  </View>
  <View>
    <TextInput
      allowFontScaling={true}
      keyboardType="numeric"
      onChangeText={[Function]}
      onEndEditing={[Function]}
      placeholder="Rate"
      returnKeyType="next"
      style={
        Object {
          "borderColor": "gray",
          "borderWidth": 1,
          "color": "white",
          "fontSize": 26,
          "height": 62,
          "paddingLeft": 10,
          "width": 160,
        }
      }
      value=""
    />
  </View>
  <View
    accessibilityComponentType="button"
    accessibilityLabel={undefined}
    accessibilityTraits={
      Array [
        "button",
      ]
    }
    accessible={true}
    collapsable={undefined}
    hasTVPreferredFocus={undefined}
    hitSlop={undefined}
    isTVSelectable={true}
    nativeID={undefined}
    onLayout={undefined}
    onResponderGrant={[Function]}
    onResponderMove={[Function]}
    onResponderRelease={[Function]}
    onResponderTerminate={[Function]}
    onResponderTerminationRequest={[Function]}
    onStartShouldSetResponder={[Function]}
    style={
      Object {
        "opacity": 1,
      }
    }
    testID={undefined}
    tvParallaxProperties={undefined}
  >
    <View
      style={
        Array [
          Object {},
        ]
      }
    >
      <Text
        accessible={true}
        allowFontScaling={true}
        disabled={undefined}
        ellipsizeMode="tail"
        style={
          Array [
            Object {
              "color": "#007AFF",
              "fontSize": 18,
              "padding": 8,
              "textAlign": "center",
            },
            Object {
              "color": "black",
            },
          ]
        }
      >
        Calculate
      </Text>
    </View>
  </View>
</View>
`;
